2023-08-12T08:27:09.055+0800	DEBUG	log/main.go:57	Trying to hit GET request for www.topgoer.com
2023-08-12T08:27:09.056+0800	ERROR	log/main.go:60	Error fetching URL www.topgoer.com : Error = Get "www.topgoer.com": unsupported protocol scheme ""
2023-08-12T08:27:09.056+0800	DEBUG	log/main.go:57	Trying to hit GET request for http://www.topgoer.com
2023-08-12T08:27:09.216+0800	INFO	log/main.go:62	Success! statusCode = 200 OK for URL http://www.topgoer.com
